// Jest Snapshot v1, https://goo.gl/fbAQLP

exports[`Button Rendering should match snapshot 1`] = `ShallowWrapper {}`;
